// Vitest Snapshot v1

exports[`SidebarItem > Render SidebarItem 1`] = `
<div>
  <i
    class="w-10 h-10 rounded-lg flex justify-center items-center transition-all ease-in-out duration-200 shadow group-hover:text-white group-hover:bg-gradient-to-tl from-green-700 to-lime-500  bg-gradient-to-tl from-green-700 to-lime-500 text-white fi-rr-test-tube"
  />
  <span
    class="p-2"
  >
    Test
  </span>
</div>
`;
